2026-07-29T12:35:34.3344000Z  42 1473M   42  632M    0     0   191M      0  0:00:07  0:00:03  0:00:04  191M
2026-07-29T12:35:35.3347158Z  56 1473M   56  832M    0     0   193M      0  0:00:07  0:00:04  0:00:03  193M
2026-07-29T12:35:36.3344954Z  69 1473M   69 1020M    0     0   192M      0  0:00:07  0:00:05  0:00:02  196M
2026-07-29T12:35:37.3348687Z  83 1473M   83 1230M    0     0   195M      0  0:00:07  0:00:06  0:00:01  197M
2026-07-29T12:35:37.4975336Z  97 1473M   97 1440M    0     0   197M      0  0:00:07  0:00:07 --:--:--  201M
2026-07-29T12:36:27.8683442Z 100 1473M  100 1473M    0     0   197M      0  0:00:07  0:00:07 --:--:--  202M
2026-07-29T12:36:27.8692819Z ##[end-action id=__subosito_flutter-action.__run_3;outcome=success;conclusion=success;duration_ms=58025]
2026-07-29T12:36:27.8757551Z ##[group]Run flutter pub get
2026-07-29T12:36:27.8757852Z [36;1mflutter pub get[0m
2026-07-29T12:36:27.8802794Z shell: /usr/bin/bash -e {0}
2026-07-29T12:36:27.8803059Z env:
2026-07-29T12:36:27.8803383Z   JAVA_HOME: /opt/hostedtoolcache/Java_Temurin-Hotspot_jdk/17.0.19-10/x64
2026-07-29T12:36:27.8803911Z   JAVA_HOME_17_X64: /opt/hostedtoolcache/Java_Temurin-Hotspot_jdk/17.0.19-10/x64
2026-07-29T12:36:27.8804402Z   FLUTTER_ROOT: /opt/hostedtoolcache/flutter/stable-3.44.8-x64/flutter
2026-07-29T12:36:27.8804788Z   PUB_CACHE: /home/runner/.pub-cache
2026-07-29T12:36:27.8805053Z ##[endgroup]
2026-07-29T12:36:32.3545282Z Resolving dependencies...
2026-07-29T12:36:32.5848813Z Downloading packages...
2026-07-29T12:36:34.7373108Z + args 2.7.0
2026-07-29T12:36:34.7373621Z + async 2.13.1
2026-07-29T12:36:34.7374013Z + boolean_selector 2.1.2
2026-07-29T12:36:34.7374762Z + characters 1.4.1
2026-07-29T12:36:34.7375141Z + clock 1.1.2
2026-07-29T12:36:34.7375531Z + code_assets 1.2.1
2026-07-29T12:36:34.7376006Z + collection 1.19.1
2026-07-29T12:36:34.7376353Z + crypto 3.0.7
2026-07-29T12:36:34.7376773Z + cupertino_icons 1.0.9
2026-07-29T12:36:34.7377216Z + fake_async 1.3.3
2026-07-29T12:36:34.7377591Z + ffi 2.2.0
2026-07-29T12:36:34.7377934Z + file 7.0.1
2026-07-29T12:36:34.7378303Z + flutter 0.0.0 from sdk flutter
2026-07-29T12:36:34.7378781Z + flutter_lints 3.0.2 (6.0.0 available)
2026-07-29T12:36:34.7379325Z + flutter_test 0.0.0 from sdk flutter
2026-07-29T12:36:34.7380152Z + flutter_web_plugins 0.0.0 from sdk flutter
2026-07-29T12:36:34.7380684Z + hooks 2.0.2 (2.1.0 available)
2026-07-29T12:36:34.7381149Z + http 1.6.0
2026-07-29T12:36:34.7381520Z + http_parser 4.1.2
2026-07-29T12:36:34.7381906Z + intl 0.19.0 (0.20.3 available)
2026-07-29T12:36:34.7382371Z + jni 1.0.2
2026-07-29T12:36:34.7382701Z + jni_flutter 1.0.2
2026-07-29T12:36:34.7383434Z + jni_util 1.0.0
2026-07-29T12:36:34.7383797Z + leak_tracker 11.0.2
2026-07-29T12:36:34.7384193Z + leak_tracker_flutter_testing 3.0.10
2026-07-29T12:36:34.7384668Z + leak_tracker_testing 3.0.2
2026-07-29T12:36:34.7385066Z + lints 3.0.0 (6.1.0 available)
2026-07-29T12:36:34.7385449Z + logging 1.3.0
2026-07-29T12:36:34.7385798Z + matcher 0.12.19 (0.12.20 available)
2026-07-29T12:36:34.7386237Z + material_color_utilities 0.13.0
2026-07-29T12:36:34.7386655Z + meta 1.18.0 (1.19.0 available)
2026-07-29T12:36:34.7387051Z + objective_c 9.5.0
2026-07-29T12:36:34.7387397Z + package_config 3.0.0
2026-07-29T12:36:34.7387750Z + path 1.9.1
2026-07-29T12:36:34.7388076Z + path_provider 2.1.6
2026-07-29T12:36:34.7388457Z + path_provider_android 2.3.1
2026-07-29T12:36:34.7388881Z + path_provider_foundation 2.6.0
2026-07-29T12:36:34.7389309Z + path_provider_linux 2.2.2
2026-07-29T12:36:34.7389939Z + path_provider_platform_interface 2.1.3
2026-07-29T12:36:34.7390448Z + path_provider_windows 2.3.0
2026-07-29T12:36:34.7390716Z + platform 3.1.6
2026-07-29T12:36:34.7390940Z + plugin_platform_interface 2.1.8
2026-07-29T12:36:34.7391200Z + pub_semver 2.2.0
2026-07-29T12:36:34.7391427Z + record_use 0.6.0 (1.0.0 available)
2026-07-29T12:36:34.7391690Z + shared_preferences 2.5.5
2026-07-29T12:36:34.7391932Z + shared_preferences_android 2.4.27
2026-07-29T12:36:34.7392198Z + shared_preferences_foundation 2.5.6
2026-07-29T12:36:34.7392468Z + shared_preferences_linux 2.4.1
2026-07-29T12:36:34.7392738Z + shared_preferences_platform_interface 2.4.2
2026-07-29T12:36:34.7393039Z + shared_preferences_web 2.4.3
2026-07-29T12:36:34.7393296Z + shared_preferences_windows 2.4.1
2026-07-29T12:36:34.7393552Z + sky_engine 0.0.0 from sdk flutter
2026-07-29T12:36:34.7393795Z + source_span 1.10.2
2026-07-29T12:36:34.7393997Z + stack_trace 1.12.1
2026-07-29T12:36:34.7394202Z + stream_channel 2.1.4
2026-07-29T12:36:34.7394411Z + string_scanner 1.4.1
2026-07-29T12:36:34.7394615Z + term_glyph 1.2.2
2026-07-29T12:36:34.7394832Z + test_api 0.7.11 (0.7.13 available)
2026-07-29T12:36:34.7395099Z + typed_data 1.4.0
2026-07-29T12:36:34.7395309Z + vector_math 2.2.0 (2.4.1 available)
2026-07-29T12:36:34.7395787Z + vm_service 15.2.0
2026-07-29T12:36:34.7396001Z + web 1.1.1
2026-07-29T12:36:34.7396193Z + xdg_directories 1.1.0
2026-07-29T12:36:34.7396403Z + yaml 3.1.3
2026-07-29T12:36:34.7396615Z Changed 64 dependencies!
2026-07-29T12:36:34.7397074Z 9 packages have newer versions incompatible with dependency constraints.
2026-07-29T12:36:34.7400874Z Try `flutter pub outdated` for more information.
2026-07-29T12:36:35.0000648Z ##[group]Run flutter build apk --release
2026-07-29T12:36:35.0001090Z [36;1mflutter build apk --release[0m
2026-07-29T12:36:35.0045644Z shell: /usr/bin/bash -e {0}
2026-07-29T12:36:35.0045891Z env:
2026-07-29T12:36:35.0046197Z   JAVA_HOME: /opt/hostedtoolcache/Java_Temurin-Hotspot_jdk/17.0.19-10/x64
2026-07-29T12:36:35.0046700Z   JAVA_HOME_17_X64: /opt/hostedtoolcache/Java_Temurin-Hotspot_jdk/17.0.19-10/x64
2026-07-29T12:36:35.0047198Z   FLUTTER_ROOT: /opt/hostedtoolcache/flutter/stable-3.44.8-x64/flutter
2026-07-29T12:36:35.0047811Z   PUB_CACHE: /home/runner/.pub-cache
2026-07-29T12:36:35.0048261Z ##[endgroup]
2026-07-29T12:36:35.4228190Z Upgrading build.gradle
2026-07-29T12:36:35.4265156Z Upgrading gradle.properties
2026-07-29T12:36:35.4573147Z [!] Your app isn't using AndroidX.
2026-07-29T12:36:35.4575292Z     To avoid potential build failures, you can quickly migrate your app by following the steps on https://docs.flutter.dev/release/breaking-changes/androidx-migration .
2026-07-29T12:37:43.6070149Z Running Gradle task 'assembleRelease'...                        
2026-07-29T12:37:43.6081464Z e: file:///opt/hostedtoolcache/flutter/stable-3.44.8-x64/flutter/packages/flutter_tools/gradle/src/main/kotlin/FlutterPlugin.kt:751:21 Unresolved reference: filePermissions
2026-07-29T12:37:43.6109374Z e: file:///opt/hostedtoolcache/flutter/stable-3.44.8-x64/flutter/packages/flutter_tools/gradle/src/main/kotlin/FlutterPlugin.kt:752:25 Unresolved reference: user
2026-07-29T12:37:43.6112359Z e: file:///opt/hostedtoolcache/flutter/stable-3.44.8-x64/flutter/packages/flutter_tools/gradle/src/main/kotlin/FlutterPlugin.kt:753:29 Unresolved reference: read
2026-07-29T12:37:43.6114659Z e: file:///opt/hostedtoolcache/flutter/stable-3.44.8-x64/flutter/packages/flutter_tools/gradle/src/main/kotlin/FlutterPlugin.kt:754:29 Unresolved reference: write
2026-07-29T12:37:43.6116067Z 
2026-07-29T12:37:43.6116420Z FAILURE: Build failed with an exception.
2026-07-29T12:37:43.6116927Z 
2026-07-29T12:37:43.6117242Z * What went wrong:
2026-07-29T12:37:43.6117866Z Execution failed for task ':gradle:compileKotlin'.
2026-07-29T12:37:43.6119305Z > A failure occurred while executing org.jetbrains.kotlin.compilerRunner.GradleCompilerRunnerWithWorkers$GradleKotlinCompilerWorkAction
2026-07-29T12:37:43.6121078Z    > Compilation error. See log for more details
2026-07-29T12:37:43.6121663Z 
2026-07-29T12:37:43.6121962Z * Try:
2026-07-29T12:37:43.6122538Z > Run with --stacktrace option to get the stack trace.
2026-07-29T12:37:43.6123373Z > Run with --info or --debug option to get more log output.
2026-07-29T12:37:43.6124126Z > Run with --scan to get full insights.
2026-07-29T12:37:43.6124836Z > Get more help at https://help.gradle.org.
2026-07-29T12:37:43.6125351Z 
2026-07-29T12:37:43.6125666Z BUILD FAILED in 1m 7s
2026-07-29T12:37:44.0362645Z Running Gradle task 'assembleRelease'...                           68.6s
2026-07-29T12:37:44.0458530Z Gradle task assembleRelease failed with exit code 1
2026-07-29T12:37:44.0527712Z ##[error]Process completed with exit code 1.
2026-07-29T12:37:44.0743501Z Post job cleanup.
2026-07-29T12:37:44.0747352Z ##[start-action display=Cache pub dependencies;id=__ad111516-355e-45d5-ab83-8cb82e2481c3.cache-pub]
2026-07-29T12:37:44.0749539Z ##[end-action id=__ad111516-355e-45d5-ab83-8cb82e2481c3.cache-pub;outcome=skipped;conclusion=skipped;duration_ms=0]
2026-07-29T12:37:44.0751985Z ##[start-action display=Cache Flutter;id=__ad111516-355e-45d5-ab83-8cb82e2481c3.cache-flutter]
2026-07-29T12:37:44.0754022Z ##[end-action id=__ad111516-355e-45d5-ab83-8cb82e2481c3.cache-flutter;outcome=skipped;conclusion=skipped;duration_ms=0]
2026-07-29T12:37:44.0837393Z Node 20 is being deprecated. This workflow is running with Node 24 by default. If you need to temporarily use Node 20, you can set the ACTIONS_ALLOW_USE_UNSECURE_NODE_VERSION=true environment variable. For more information see: https://github.blog/changelog/2025-09-19-deprecation-of-node-20-on-github-actions-runners/
2026-07-29T12:37:44.0838645Z Post job cleanup.
2026-07-29T12:37:44.2158522Z (node:2908) [DEP0040] DeprecationWarning: The `punycode` module is deprecated. Please use a userland alternative instead.
2026-07-29T12:37:44.2159441Z (Use `node --trace-deprecation ...` to show where the warning was created)
2026-07-29T12:37:44.2389238Z Node 20 is being deprecated. This workflow is running with Node 24 by default. If you need to temporarily use Node 20, you can set the ACTIONS_ALLOW_USE_UNSECURE_NODE_VERSION=true environment variable. For more information see: https://github.blog/changelog/2025-09-19-deprecation-of-node-20-on-github-actions-runners/
2026-07-29T12:37:44.2391748Z Post job cleanup.
2026-07-29T12:37:44.3410612Z [command]/usr/bin/git version
2026-07-29T12:37:44.3454510Z git version 2.54.0
2026-07-29T12:37:44.3495963Z Temporarily overriding HOME='/home/runner/work/_temp/3cb14ce1-3009-499d-9a18-329da6f3bc1a' before making global git config changes
2026-07-29T12:37:44.3497549Z Adding repository directory to the temporary git global config as a safe directory
2026-07-29T12:37:44.3502665Z [command]/usr/bin/git config --global --add safe.directory /home/runner/work/gvs-365-lg-mobile-app/gvs-365-lg-mobile-app
2026-07-29T12:37:44.3542674Z [command]/usr/bin/git config --local --name-only --get-regexp core\.sshCommand
2026-07-29T12:37:44.3580337Z [command]/usr/bin/git submodule foreach --recursive sh -c "git config --local --name-only --get-regexp 'core\.sshCommand' && git config --local --unset-all 'core.sshCommand' || :"
2026-07-29T12:37:44.3833661Z [command]/usr/bin/git config --local --name-only --get-regexp http\.https\:\/\/github\.com\/\.extraheader
2026-07-29T12:37:44.3863428Z http.https://github.com/.extraheader
2026-07-29T12:37:44.3879023Z [command]/usr/bin/git config --local --unset-all http.https://github.com/.extraheader
2026-07-29T12:37:44.3912582Z [command]/usr/bin/git submodule foreach --recursive sh -c "git config --local --name-only --get-regexp 'http\.https\:\/\/github\.com\/\.extraheader' && git config --local --unset-all 'http.https://github.com/.extraheader' || :"
2026-07-29T12:37:44.4196443Z [command]/usr/bin/git config --local --name-only --get-regexp ^includeIf\.gitdir:
2026-07-29T12:37:44.4241017Z [command]/usr/bin/git submodule foreach --recursive git config --local --show-origin --name-only --get-regexp remote.origin.url
2026-07-29T12:37:44.4626434Z Cleaning up orphan processes
2026-07-29T12:37:44.4953205Z Terminate orphan process: pid (2733) (java)
2026-07-29T12:37:44.4991947Z Terminate orphan process: pid (2861) (java)
2026-07-29T12:37:44.5050623Z ##[warning]Node.js 20 is deprecated. The following actions target Node.js 20 but are being forced to run on Node.js 24: actions/checkout@v4, actions/setup-java@v4. For more information see: https://github.blog/changelog/2025-09-19-deprecation-of-node-20-on-github-actions-runners/

