2026-07-29T12:49:32.5045189Z   ââââââââââââââââââââââââââââââââââââââââââââââââââââââââââââââââââââââââââââââ
2026-07-29T12:49:32.5049310Z   â                 Welcome to Flutter! - https://flutter.dev                  â
2026-07-29T12:49:32.5050358Z   â                                                                            â
2026-07-29T12:49:32.5051269Z   â The Flutter tool uses Google Analytics to anonymously report feature usage â
2026-07-29T12:49:32.5052199Z   â statistics and basic crash reports. This data is used to help improve      â
2026-07-29T12:49:32.5053072Z   â Flutter tools over time.                                                   â
2026-07-29T12:49:32.5053775Z   â                                                                            â
2026-07-29T12:49:32.5054768Z   â Flutter tool analytics are not sent on the very first run. To disable      â
2026-07-29T12:49:32.5055716Z   â reporting, type 'flutter config --no-analytics'. To display the current    â
2026-07-29T12:49:32.5056520Z   â setting, type 'flutter config'. If you opt out of analytics, an opt-out    â
2026-07-29T12:49:32.5057681Z   â event will be sent, and then no further information will be sent by the    â
2026-07-29T12:49:32.5058426Z   â Flutter tool.                                                              â
2026-07-29T12:49:32.5059052Z   â                                                                            â
2026-07-29T12:49:32.5059754Z   â By downloading the Flutter SDK, you agree to the Google Terms of Service.  â
2026-07-29T12:49:32.5060810Z   â The Google Privacy Policy describes how data is handled in this service.   â
2026-07-29T12:49:32.5061490Z   â                                                                            â
2026-07-29T12:49:32.5062153Z   â Moreover, Flutter includes the Dart SDK, which may send usage metrics and  â
2026-07-29T12:49:32.5062869Z   â crash reports to Google.                                                   â
2026-07-29T12:49:32.5063552Z   â                                                                            â
2026-07-29T12:49:32.5064190Z   â Read about data we send with crash reports:                                â
2026-07-29T12:49:32.5064971Z   â https://flutter.dev/docs/reference/crash-reporting                         â
2026-07-29T12:49:32.5065820Z   â                                                                            â
2026-07-29T12:49:32.5066502Z   â See Google's privacy policy:                                               â
2026-07-29T12:49:32.5067697Z   â https://policies.google.com/privacy                                        â
2026-07-29T12:49:32.5068527Z   â                                                                            â
2026-07-29T12:49:32.5069299Z   â To disable animations in this tool, use                                    â
2026-07-29T12:49:32.5070016Z   â 'flutter config --no-cli-animations'.                                      â
2026-07-29T12:49:32.5070718Z   ââââââââââââââââââââââââââââââââââââââââââââââââââââââââââââââââââââââââââââââ
2026-07-29T12:49:32.5071152Z 
2026-07-29T12:49:37.9593342Z Resolving dependencies...
2026-07-29T12:49:38.6679196Z Downloading packages...
2026-07-29T12:49:40.0274568Z + async 2.11.0 (2.13.1 available)
2026-07-29T12:49:40.0275214Z + boolean_selector 2.1.1 (2.1.2 available)
2026-07-29T12:49:40.0275740Z + characters 1.3.0 (1.4.1 available)
2026-07-29T12:49:40.0276955Z + clock 1.1.1 (1.1.2 available)
2026-07-29T12:49:40.0277506Z + collection 1.18.0 (1.19.1 available)
2026-07-29T12:49:40.0278162Z + cupertino_icons 1.0.8 (1.0.9 available)
2026-07-29T12:49:40.0278792Z + fake_async 1.3.1 (1.3.3 available)
2026-07-29T12:49:40.0279336Z + ffi 2.1.3 (2.2.0 available)
2026-07-29T12:49:40.0279845Z + file 7.0.1
2026-07-29T12:49:40.0280280Z + flutter 0.0.0 from sdk flutter
2026-07-29T12:49:40.0280841Z + flutter_lints 3.0.2 (6.0.0 available)
2026-07-29T12:49:40.0281433Z + flutter_test 0.0.0 from sdk flutter
2026-07-29T12:49:40.0282196Z + flutter_web_plugins 0.0.0 from sdk flutter
2026-07-29T12:49:40.0282812Z + http 1.6.0
2026-07-29T12:49:40.0283253Z + http_parser 4.0.2 (4.1.2 available)
2026-07-29T12:49:40.0283823Z + intl 0.19.0 (0.20.3 available)
2026-07-29T12:49:40.0284372Z + leak_tracker 10.0.4 (11.0.2 available)
2026-07-29T12:49:40.0285066Z + leak_tracker_flutter_testing 3.0.3 (3.0.10 available)
2026-07-29T12:49:40.0285810Z + leak_tracker_testing 3.0.1 (3.0.2 available)
2026-07-29T12:49:40.0286463Z + lints 3.0.0 (6.1.0 available)
2026-07-29T12:49:40.0287155Z + matcher 0.12.16+1 (0.12.20 available)
2026-07-29T12:49:40.0287694Z + material_color_utilities 0.8.0 (0.13.0 available)
2026-07-29T12:49:40.0288024Z + meta 1.12.0 (1.19.0 available)
2026-07-29T12:49:40.0288275Z + path 1.9.0 (1.9.1 available)
2026-07-29T12:49:40.0288530Z + path_provider 2.1.5 (2.1.6 available)
2026-07-29T12:49:40.0288819Z + path_provider_android 2.2.10 (2.3.1 available)
2026-07-29T12:49:40.0289136Z + path_provider_foundation 2.4.1 (2.6.0 available)
2026-07-29T12:49:40.0289486Z + path_provider_linux 2.2.1 (2.2.2 available)
2026-07-29T12:49:40.0289814Z + path_provider_platform_interface 2.1.2 (2.1.3 available)
2026-07-29T12:49:40.0290134Z + path_provider_windows 2.3.0
2026-07-29T12:49:40.0290372Z + platform 3.1.6
2026-07-29T12:49:40.0290583Z + plugin_platform_interface 2.1.8
2026-07-29T12:49:40.0290852Z + shared_preferences 2.3.3 (2.5.5 available)
2026-07-29T12:49:40.0291393Z + shared_preferences_android 2.3.2 (2.4.27 available)
2026-07-29T12:49:40.0291994Z + shared_preferences_foundation 2.5.4 (2.5.6 available)
2026-07-29T12:49:40.0292802Z + shared_preferences_linux 2.4.1
2026-07-29T12:49:40.0293335Z + shared_preferences_platform_interface 2.4.1 (2.4.2 available)
2026-07-29T12:49:40.0293918Z + shared_preferences_web 2.4.3
2026-07-29T12:49:40.0294328Z + shared_preferences_windows 2.4.1
2026-07-29T12:49:40.0294758Z + sky_engine 0.0.99 from sdk flutter
2026-07-29T12:49:40.0295157Z + source_span 1.10.0 (1.10.2 available)
2026-07-29T12:49:40.0295414Z + stack_trace 1.11.1 (1.12.1 available)
2026-07-29T12:49:40.0295667Z + stream_channel 2.1.2 (2.1.4 available)
2026-07-29T12:49:40.0295926Z + string_scanner 1.2.0 (1.4.1 available)
2026-07-29T12:49:40.0296181Z + term_glyph 1.2.1 (1.2.2 available)
2026-07-29T12:49:40.0296430Z + test_api 0.7.0 (0.7.13 available)
2026-07-29T12:49:40.0296669Z + typed_data 1.3.2 (1.4.0 available)
2026-07-29T12:49:40.0297264Z + vector_math 2.1.4 (2.4.1 available)
2026-07-29T12:49:40.0297526Z + vm_service 14.2.1 (15.2.0 available)
2026-07-29T12:49:40.0297765Z + web 1.1.1
2026-07-29T12:49:40.0297956Z + xdg_directories 1.1.0
2026-07-29T12:49:40.0298182Z Changed 51 dependencies!
2026-07-29T12:49:40.0304527Z 37 packages have newer versions incompatible with dependency constraints.
2026-07-29T12:49:40.0305223Z Try `flutter pub outdated` for more information.
2026-07-29T12:49:40.3057848Z ##[group]Run flutter build apk --release
2026-07-29T12:49:40.3058241Z [36;1mflutter build apk --release[0m
2026-07-29T12:49:40.3102493Z shell: /usr/bin/bash -e {0}
2026-07-29T12:49:40.3102740Z env:
2026-07-29T12:49:40.3103055Z   JAVA_HOME: /opt/hostedtoolcache/Java_Temurin-Hotspot_jdk/17.0.19-10/x64
2026-07-29T12:49:40.3103581Z   JAVA_HOME_17_X64: /opt/hostedtoolcache/Java_Temurin-Hotspot_jdk/17.0.19-10/x64
2026-07-29T12:49:40.3104099Z   FLUTTER_ROOT: /opt/hostedtoolcache/flutter/stable-3.22.0-x64/flutter
2026-07-29T12:49:40.3104487Z   PUB_CACHE: /home/runner/.pub-cache
2026-07-29T12:49:40.3104739Z ##[endgroup]
2026-07-29T12:49:40.7684580Z 
2026-07-29T12:49:40.7832647Z [!] Your app isn't using AndroidX.
2026-07-29T12:49:40.7833774Z     To avoid potential build failures, you can quickly migrate your app by following the steps on https://goo.gl/CP92wY .
2026-07-29T12:51:30.4947946Z Running Gradle task 'assembleRelease'...                        
2026-07-29T12:51:30.4977473Z Font asset "MaterialIcons-Regular.otf" was tree-shaken, reducing it from 1645184 to 6952 bytes (99.6% reduction). Tree-shaking can be disabled by providing the --no-tree-shake-icons flag when building your app.
2026-07-29T12:51:58.7707598Z 
2026-07-29T12:51:58.7719721Z FAILURE: Build failed with an exception.
2026-07-29T12:51:58.7747493Z 
2026-07-29T12:51:58.7772833Z * What went wrong:
2026-07-29T12:51:58.7797673Z Execution failed for task ':app:processReleaseResources'.
2026-07-29T12:51:58.7818111Z > A failure occurred while executing com.android.build.gradle.internal.res.LinkApplicationAndroidResourcesTask$TaskAction
2026-07-29T12:51:58.7827626Z    > Android resource linking failed
2026-07-29T12:51:58.7858035Z      ERROR: AAPT: error: resource style/Theme.AppCompat.Light.NoActionBar (aka com.gvs365.lgautomation:style/Theme.AppCompat.Light.NoActionBar) not found.
2026-07-29T12:51:58.7859295Z      error: resource style/Theme.AppCompat.Light.NoActionBar (aka com.gvs365.lgautomation:style/Theme.AppCompat.Light.NoActionBar) not found.
2026-07-29T12:51:58.7860049Z      error: failed linking references.
2026-07-29T12:51:58.7888602Z 
2026-07-29T12:51:58.7888948Z 
2026-07-29T12:51:58.7889071Z 
2026-07-29T12:51:58.7889335Z * Try:
2026-07-29T12:51:58.7889752Z > Run with --stacktrace option to get the stack trace.
2026-07-29T12:51:58.7890285Z > Run with --info or --debug option to get more log output.
2026-07-29T12:51:58.7891052Z > Run with --scan to get full insights.
2026-07-29T12:51:58.7891825Z > Get more help at https://help.gradle.org.
2026-07-29T12:51:58.7892325Z 
2026-07-29T12:51:58.7892533Z BUILD FAILED in 2m 16s
2026-07-29T12:51:59.2509549Z Running Gradle task 'assembleRelease'...                          138.4s
2026-07-29T12:51:59.2555720Z Gradle task assembleRelease failed with exit code 1
2026-07-29T12:51:59.2623913Z ##[error]Process completed with exit code 1.
2026-07-29T12:51:59.2846203Z Post job cleanup.
2026-07-29T12:51:59.2850739Z ##[start-action display=Cache pub dependencies;id=__e5a9e8c9-c0e5-43ef-a6b8-083e7ef03d7a.cache-pub]
2026-07-29T12:51:59.2853074Z ##[end-action id=__e5a9e8c9-c0e5-43ef-a6b8-083e7ef03d7a.cache-pub;outcome=skipped;conclusion=skipped;duration_ms=0]
2026-07-29T12:51:59.2854954Z ##[start-action display=Cache Flutter;id=__e5a9e8c9-c0e5-43ef-a6b8-083e7ef03d7a.cache-flutter]
2026-07-29T12:51:59.2857149Z ##[end-action id=__e5a9e8c9-c0e5-43ef-a6b8-083e7ef03d7a.cache-flutter;outcome=skipped;conclusion=skipped;duration_ms=0]
2026-07-29T12:51:59.2942553Z Node 20 is being deprecated. This workflow is running with Node 24 by default. If you need to temporarily use Node 20, you can set the ACTIONS_ALLOW_USE_UNSECURE_NODE_VERSION=true environment variable. For more information see: https://github.blog/changelog/2025-09-19-deprecation-of-node-20-on-github-actions-runners/
2026-07-29T12:51:59.2943810Z Post job cleanup.
2026-07-29T12:51:59.4277071Z (node:2954) [DEP0040] DeprecationWarning: The `punycode` module is deprecated. Please use a userland alternative instead.
2026-07-29T12:51:59.4277943Z (Use `node --trace-deprecation ...` to show where the warning was created)
2026-07-29T12:51:59.4537464Z Node 20 is being deprecated. This workflow is running with Node 24 by default. If you need to temporarily use Node 20, you can set the ACTIONS_ALLOW_USE_UNSECURE_NODE_VERSION=true environment variable. For more information see: https://github.blog/changelog/2025-09-19-deprecation-of-node-20-on-github-actions-runners/
2026-07-29T12:51:59.4539670Z Post job cleanup.
2026-07-29T12:51:59.5496329Z [command]/usr/bin/git version
2026-07-29T12:51:59.5543067Z git version 2.54.0
2026-07-29T12:51:59.5600754Z Temporarily overriding HOME='/home/runner/work/_temp/77e27e26-7482-4aaf-93d3-ed7b5452377e' before making global git config changes
2026-07-29T12:51:59.5602073Z Adding repository directory to the temporary git global config as a safe directory
2026-07-29T12:51:59.5607145Z [command]/usr/bin/git config --global --add safe.directory /home/runner/work/gvs-365-lg-mobile-app/gvs-365-lg-mobile-app
2026-07-29T12:51:59.5652016Z [command]/usr/bin/git config --local --name-only --get-regexp core\.sshCommand
2026-07-29T12:51:59.5687574Z [command]/usr/bin/git submodule foreach --recursive sh -c "git config --local --name-only --get-regexp 'core\.sshCommand' && git config --local --unset-all 'core.sshCommand' || :"
2026-07-29T12:51:59.5946506Z [command]/usr/bin/git config --local --name-only --get-regexp http\.https\:\/\/github\.com\/\.extraheader
2026-07-29T12:51:59.5978171Z http.https://github.com/.extraheader
2026-07-29T12:51:59.5992450Z [command]/usr/bin/git config --local --unset-all http.https://github.com/.extraheader
2026-07-29T12:51:59.6027147Z [command]/usr/bin/git submodule foreach --recursive sh -c "git config --local --name-only --get-regexp 'http\.https\:\/\/github\.com\/\.extraheader' && git config --local --unset-all 'http.https://github.com/.extraheader' || :"
2026-07-29T12:51:59.6298525Z [command]/usr/bin/git config --local --name-only --get-regexp ^includeIf\.gitdir:
2026-07-29T12:51:59.6336238Z [command]/usr/bin/git submodule foreach --recursive git config --local --show-origin --name-only --get-regexp remote.origin.url
2026-07-29T12:51:59.6786074Z Cleaning up orphan processes
2026-07-29T12:51:59.7124753Z Terminate orphan process: pid (2666) (java)
2026-07-29T12:51:59.7171664Z ##[warning]Node.js 20 is deprecated. The following actions target Node.js 20 but are being forced to run on Node.js 24: actions/checkout@v4, actions/setup-java@v4. For more information see: https://github.blog/changelog/2025-09-19-deprecation-of-node-20-on-github-actions-runners/

