2026-07-29T12:53:23.6093918Z ##[endgroup]
2026-07-29T12:53:23.9214034Z 
2026-07-29T12:53:23.9228069Z   ââââââââââââââââââââââââââââââââââââââââââââââââââââââââââââââââââââââââââââââ
2026-07-29T12:53:23.9229336Z   â                 Welcome to Flutter! - https://flutter.dev                  â
2026-07-29T12:53:23.9230291Z   â                                                                            â
2026-07-29T12:53:23.9231680Z   â The Flutter tool uses Google Analytics to anonymously report feature usage â
2026-07-29T12:53:23.9232882Z   â statistics and basic crash reports. This data is used to help improve      â
2026-07-29T12:53:23.9234010Z   â Flutter tools over time.                                                   â
2026-07-29T12:53:23.9234879Z   â                                                                            â
2026-07-29T12:53:23.9235786Z   â Flutter tool analytics are not sent on the very first run. To disable      â
2026-07-29T12:53:23.9236742Z   â reporting, type 'flutter config --no-analytics'. To display the current    â
2026-07-29T12:53:23.9237837Z   â setting, type 'flutter config'. If you opt out of analytics, an opt-out    â
2026-07-29T12:53:23.9238866Z   â event will be sent, and then no further information will be sent by the    â
2026-07-29T12:53:23.9240059Z   â Flutter tool.                                                              â
2026-07-29T12:53:23.9241192Z   â                                                                            â
2026-07-29T12:53:23.9241966Z   â By downloading the Flutter SDK, you agree to the Google Terms of Service.  â
2026-07-29T12:53:23.9242954Z   â The Google Privacy Policy describes how data is handled in this service.   â
2026-07-29T12:53:23.9243443Z   â                                                                            â
2026-07-29T12:53:23.9243935Z   â Moreover, Flutter includes the Dart SDK, which may send usage metrics and  â
2026-07-29T12:53:23.9244482Z   â crash reports to Google.                                                   â
2026-07-29T12:53:23.9244923Z   â                                                                            â
2026-07-29T12:53:23.9245389Z   â Read about data we send with crash reports:                                â
2026-07-29T12:53:23.9245991Z   â https://flutter.dev/docs/reference/crash-reporting                         â
2026-07-29T12:53:23.9246543Z   â                                                                            â
2026-07-29T12:53:23.9247070Z   â See Google's privacy policy:                                               â
2026-07-29T12:53:23.9247646Z   â https://policies.google.com/privacy                                        â
2026-07-29T12:53:23.9248127Z   â                                                                            â
2026-07-29T12:53:23.9248599Z   â To disable animations in this tool, use                                    â
2026-07-29T12:53:23.9249146Z   â 'flutter config --no-cli-animations'.                                      â
2026-07-29T12:53:23.9249694Z   ââââââââââââââââââââââââââââââââââââââââââââââââââââââââââââââââââââââââââââââ
2026-07-29T12:53:23.9249952Z 
2026-07-29T12:53:29.2084728Z Resolving dependencies...
2026-07-29T12:53:30.0420936Z Downloading packages...
2026-07-29T12:53:31.6037584Z + async 2.11.0 (2.13.1 available)
2026-07-29T12:53:31.6038294Z + boolean_selector 2.1.1 (2.1.2 available)
2026-07-29T12:53:31.6038919Z + characters 1.3.0 (1.4.1 available)
2026-07-29T12:53:31.6040049Z + clock 1.1.1 (1.1.2 available)
2026-07-29T12:53:31.6040768Z + collection 1.18.0 (1.19.1 available)
2026-07-29T12:53:31.6041289Z + cupertino_icons 1.0.8 (1.0.9 available)
2026-07-29T12:53:31.6041788Z + fake_async 1.3.1 (1.3.3 available)
2026-07-29T12:53:31.6042233Z + ffi 2.1.3 (2.2.0 available)
2026-07-29T12:53:31.6042631Z + file 7.0.1
2026-07-29T12:53:31.6042997Z + flutter 0.0.0 from sdk flutter
2026-07-29T12:53:31.6043467Z + flutter_lints 3.0.2 (6.0.0 available)
2026-07-29T12:53:31.6043965Z + flutter_test 0.0.0 from sdk flutter
2026-07-29T12:53:31.6044467Z + flutter_web_plugins 0.0.0 from sdk flutter
2026-07-29T12:53:31.6044915Z + http 1.6.0
2026-07-29T12:53:31.6045270Z + http_parser 4.0.2 (4.1.2 available)
2026-07-29T12:53:31.6045748Z + intl 0.19.0 (0.20.3 available)
2026-07-29T12:53:31.6046228Z + leak_tracker 10.0.4 (11.0.2 available)
2026-07-29T12:53:31.6046807Z + leak_tracker_flutter_testing 3.0.3 (3.0.10 available)
2026-07-29T12:53:31.6047412Z + leak_tracker_testing 3.0.1 (3.0.2 available)
2026-07-29T12:53:31.6047922Z + lints 3.0.0 (6.1.0 available)
2026-07-29T12:53:31.6048426Z + matcher 0.12.16+1 (0.12.20 available)
2026-07-29T12:53:31.6048967Z + material_color_utilities 0.8.0 (0.13.0 available)
2026-07-29T12:53:31.6049470Z + meta 1.12.0 (1.19.0 available)
2026-07-29T12:53:31.6049876Z + path 1.9.0 (1.9.1 available)
2026-07-29T12:53:31.6050313Z + path_provider 2.1.5 (2.1.6 available)
2026-07-29T12:53:31.6051160Z + path_provider_android 2.2.10 (2.3.1 available)
2026-07-29T12:53:31.6051723Z + path_provider_foundation 2.4.1 (2.6.0 available)
2026-07-29T12:53:31.6052324Z + path_provider_linux 2.2.1 (2.2.2 available)
2026-07-29T12:53:31.6052925Z + path_provider_platform_interface 2.1.2 (2.1.3 available)
2026-07-29T12:53:31.6053478Z + path_provider_windows 2.3.0
2026-07-29T12:53:31.6053909Z + platform 3.1.6
2026-07-29T12:53:31.6054300Z + plugin_platform_interface 2.1.8
2026-07-29T12:53:31.6054904Z + shared_preferences 2.3.3 (2.5.5 available)
2026-07-29T12:53:31.6055497Z + shared_preferences_android 2.3.2 (2.4.27 available)
2026-07-29T12:53:31.6056136Z + shared_preferences_foundation 2.5.4 (2.5.6 available)
2026-07-29T12:53:31.6057177Z + shared_preferences_linux 2.4.1
2026-07-29T12:53:31.6057751Z + shared_preferences_platform_interface 2.4.1 (2.4.2 available)
2026-07-29T12:53:31.6058334Z + shared_preferences_web 2.4.3
2026-07-29T12:53:31.6058809Z + shared_preferences_windows 2.4.1
2026-07-29T12:53:31.6059266Z + sky_engine 0.0.99 from sdk flutter
2026-07-29T12:53:31.6059644Z + source_span 1.10.0 (1.10.2 available)
2026-07-29T12:53:31.6060077Z + stack_trace 1.11.1 (1.12.1 available)
2026-07-29T12:53:31.6061199Z + stream_channel 2.1.2 (2.1.4 available)
2026-07-29T12:53:31.6061702Z + string_scanner 1.2.0 (1.4.1 available)
2026-07-29T12:53:31.6062213Z + term_glyph 1.2.1 (1.2.2 available)
2026-07-29T12:53:31.6062688Z + test_api 0.7.0 (0.7.13 available)
2026-07-29T12:53:31.6063170Z + typed_data 1.3.2 (1.4.0 available)
2026-07-29T12:53:31.6063603Z + vector_math 2.1.4 (2.4.1 available)
2026-07-29T12:53:31.6064032Z + vm_service 14.2.1 (15.2.0 available)
2026-07-29T12:53:31.6064455Z + web 1.1.1
2026-07-29T12:53:31.6064816Z + xdg_directories 1.1.0
2026-07-29T12:53:31.6065325Z Changed 51 dependencies!
2026-07-29T12:53:31.6082036Z 37 packages have newer versions incompatible with dependency constraints.
2026-07-29T12:53:31.6083336Z Try `flutter pub outdated` for more information.
2026-07-29T12:53:31.9046072Z ##[group]Run flutter build apk --release
2026-07-29T12:53:31.9046449Z [36;1mflutter build apk --release[0m
2026-07-29T12:53:31.9092331Z shell: /usr/bin/bash -e {0}
2026-07-29T12:53:31.9092615Z env:
2026-07-29T12:53:31.9092956Z   JAVA_HOME: /opt/hostedtoolcache/Java_Temurin-Hotspot_jdk/17.0.19-10/x64
2026-07-29T12:53:31.9093462Z   JAVA_HOME_17_X64: /opt/hostedtoolcache/Java_Temurin-Hotspot_jdk/17.0.19-10/x64
2026-07-29T12:53:31.9093936Z   FLUTTER_ROOT: /opt/hostedtoolcache/flutter/stable-3.22.0-x64/flutter
2026-07-29T12:53:31.9094316Z   PUB_CACHE: /home/runner/.pub-cache
2026-07-29T12:53:31.9094580Z ##[endgroup]
2026-07-29T12:53:32.4342942Z 
2026-07-29T12:53:32.4513812Z [!] Your app isn't using AndroidX.
2026-07-29T12:53:32.4514972Z     To avoid potential build failures, you can quickly migrate your app by following the steps on https://goo.gl/CP92wY .
2026-07-29T12:55:27.6821725Z Running Gradle task 'assembleRelease'...                        
2026-07-29T12:55:27.6852273Z Font asset "MaterialIcons-Regular.otf" was tree-shaken, reducing it from 1645184 to 6952 bytes (99.6% reduction). Tree-shaking can be disabled by providing the --no-tree-shake-icons flag when building your app.
2026-07-29T12:55:59.9573028Z e: file:///home/runner/work/gvs-365-lg-mobile-app/gvs-365-lg-mobile-app/android/app/src/main/kotlin/com/gvs365/lgautomation/MainActivity.kt:3:8 Unresolved reference: io
2026-07-29T12:55:59.9612599Z e: file:///home/runner/work/gvs-365-lg-mobile-app/gvs-365-lg-mobile-app/android/app/src/main/kotlin/com/gvs365/lgautomation/MainActivity.kt:5:21 Unresolved reference: FlutterActivity
2026-07-29T12:56:00.0561360Z 
2026-07-29T12:56:00.0571528Z FAILURE: Build failed with an exception.
2026-07-29T12:56:00.0651169Z 
2026-07-29T12:56:00.0701196Z * What went wrong:
2026-07-29T12:56:00.0711517Z Execution failed for task ':app:compileReleaseKotlin'.
2026-07-29T12:56:00.0742013Z > A failure occurred while executing org.jetbrains.kotlin.compilerRunner.GradleCompilerRunnerWithWorkers$GradleKotlinCompilerWorkAction
2026-07-29T12:56:00.0841509Z    > Compilation error. See log for more details
2026-07-29T12:56:00.0842219Z 
2026-07-29T12:56:00.0861131Z * Try:
2026-07-29T12:56:00.0861831Z > Run with --stacktrace option to get the stack trace.
2026-07-29T12:56:00.0862612Z > Run with --info or --debug option to get more log output.
2026-07-29T12:56:00.0863287Z > Run with --scan to get full insights.
2026-07-29T12:56:00.0863897Z > Get more help at https://help.gradle.org.
2026-07-29T12:56:00.0864419Z 
2026-07-29T12:56:00.0873394Z BUILD FAILED in 2m 26s
2026-07-29T12:56:00.5456651Z Running Gradle task 'assembleRelease'...                          148.1s
2026-07-29T12:56:00.5503776Z Gradle task assembleRelease failed with exit code 1
2026-07-29T12:56:00.5566539Z ##[error]Process completed with exit code 1.
2026-07-29T12:56:00.6102620Z Post job cleanup.
2026-07-29T12:56:00.6167185Z ##[start-action display=Cache pub dependencies;id=__902a789c-6892-494d-ba57-5c13a5125085.cache-pub]
2026-07-29T12:56:00.6183998Z ##[end-action id=__902a789c-6892-494d-ba57-5c13a5125085.cache-pub;outcome=skipped;conclusion=skipped;duration_ms=0]
2026-07-29T12:56:00.6212017Z ##[start-action display=Cache Flutter;id=__902a789c-6892-494d-ba57-5c13a5125085.cache-flutter]
2026-07-29T12:56:00.6227456Z ##[end-action id=__902a789c-6892-494d-ba57-5c13a5125085.cache-flutter;outcome=skipped;conclusion=skipped;duration_ms=0]
2026-07-29T12:56:00.6651058Z Node 20 is being deprecated. This workflow is running with Node 24 by default. If you need to temporarily use Node 20, you can set the ACTIONS_ALLOW_USE_UNSECURE_NODE_VERSION=true environment variable. For more information see: https://github.blog/changelog/2025-09-19-deprecation-of-node-20-on-github-actions-runners/
2026-07-29T12:56:00.6652329Z Post job cleanup.
2026-07-29T12:56:00.7999851Z (node:2982) [DEP0040] DeprecationWarning: The `punycode` module is deprecated. Please use a userland alternative instead.
2026-07-29T12:56:00.8001529Z (Use `node --trace-deprecation ...` to show where the warning was created)
2026-07-29T12:56:00.8586557Z Node 20 is being deprecated. This workflow is running with Node 24 by default. If you need to temporarily use Node 20, you can set the ACTIONS_ALLOW_USE_UNSECURE_NODE_VERSION=true environment variable. For more information see: https://github.blog/changelog/2025-09-19-deprecation-of-node-20-on-github-actions-runners/
2026-07-29T12:56:00.8587803Z Post job cleanup.
2026-07-29T12:56:00.9459317Z [command]/usr/bin/git version
2026-07-29T12:56:00.9509433Z git version 2.54.0
2026-07-29T12:56:00.9554902Z Temporarily overriding HOME='/home/runner/work/_temp/809fa43f-17e9-40a3-af26-81ebf14805c8' before making global git config changes
2026-07-29T12:56:00.9556266Z Adding repository directory to the temporary git global config as a safe directory
2026-07-29T12:56:00.9561870Z [command]/usr/bin/git config --global --add safe.directory /home/runner/work/gvs-365-lg-mobile-app/gvs-365-lg-mobile-app
2026-07-29T12:56:00.9611865Z [command]/usr/bin/git config --local --name-only --get-regexp core\.sshCommand
2026-07-29T12:56:00.9683711Z [command]/usr/bin/git submodule foreach --recursive sh -c "git config --local --name-only --get-regexp 'core\.sshCommand' && git config --local --unset-all 'core.sshCommand' || :"
2026-07-29T12:56:01.0023211Z [command]/usr/bin/git config --local --name-only --get-regexp http\.https\:\/\/github\.com\/\.extraheader
2026-07-29T12:56:01.0071111Z http.https://github.com/.extraheader
2026-07-29T12:56:01.0073351Z [command]/usr/bin/git config --local --unset-all http.https://github.com/.extraheader
2026-07-29T12:56:01.0112101Z [command]/usr/bin/git submodule foreach --recursive sh -c "git config --local --name-only --get-regexp 'http\.https\:\/\/github\.com\/\.extraheader' && git config --local --unset-all 'http.https://github.com/.extraheader' || :"
2026-07-29T12:56:01.0442575Z [command]/usr/bin/git config --local --name-only --get-regexp ^includeIf\.gitdir:
2026-07-29T12:56:01.0485025Z [command]/usr/bin/git submodule foreach --recursive git config --local --show-origin --name-only --get-regexp remote.origin.url
2026-07-29T12:56:01.0971066Z Cleaning up orphan processes
2026-07-29T12:56:01.1286239Z Terminate orphan process: pid (2632) (java)
2026-07-29T12:56:01.1349502Z Terminate orphan process: pid (2927) (java)
2026-07-29T12:56:01.1393379Z ##[warning]Node.js 20 is deprecated. The following actions target Node.js 20 but are being forced to run on Node.js 24: actions/checkout@v4, actions/setup-java@v4. For more information see: https://github.blog/changelog/2025-09-19-deprecation-of-node-20-on-github-actions-runners/

