2026-07-29T12:32:49.4955210Z  54 1473M   54  804M    0     0   146M      0  0:00:10  0:00:05  0:00:05  154M
2026-07-29T12:32:50.4953921Z  66 1473M   66  985M    0     0   151M      0  0:00:09  0:00:06  0:00:03  153M
2026-07-29T12:32:51.4945038Z  78 1473M   78 1149M    0     0   153M      0  0:00:09  0:00:07  0:00:02  157M
2026-07-29T12:32:52.3994272Z  89 1473M   89 1317M    0     0   155M      0  0:00:09  0:00:08  0:00:01  164M
2026-07-29T12:32:52.3995178Z 100 1473M  100 1473M    0     0   156M      0  0:00:09  0:00:09 --:--:--  172M
2026-07-29T12:33:32.8333361Z ##[end-action id=__subosito_flutter-action.__run_3;outcome=success;conclusion=success;duration_ms=50033]
2026-07-29T12:33:32.8385417Z ##[group]Run flutter pub get
2026-07-29T12:33:32.8385703Z [36;1mflutter pub get[0m
2026-07-29T12:33:32.8410394Z shell: /usr/bin/bash -e {0}
2026-07-29T12:33:32.8410741Z env:
2026-07-29T12:33:32.8411054Z   JAVA_HOME: /opt/hostedtoolcache/Java_Temurin-Hotspot_jdk/17.0.19-10/x64
2026-07-29T12:33:32.8411459Z   JAVA_HOME_17_X64: /opt/hostedtoolcache/Java_Temurin-Hotspot_jdk/17.0.19-10/x64
2026-07-29T12:33:32.8411877Z   FLUTTER_ROOT: /opt/hostedtoolcache/flutter/stable-3.44.8-x64/flutter
2026-07-29T12:33:32.8412199Z   PUB_CACHE: /home/runner/.pub-cache
2026-07-29T12:33:32.8412566Z ##[endgroup]
2026-07-29T12:33:37.0818720Z Resolving dependencies...
2026-07-29T12:33:37.3100973Z Downloading packages...
2026-07-29T12:33:39.0329907Z + args 2.7.0
2026-07-29T12:33:39.0330361Z + async 2.13.1
2026-07-29T12:33:39.0330703Z + boolean_selector 2.1.2
2026-07-29T12:33:39.0331047Z + characters 1.4.1
2026-07-29T12:33:39.0331346Z + clock 1.1.2
2026-07-29T12:33:39.0331719Z + code_assets 1.2.1
2026-07-29T12:33:39.0332256Z + collection 1.19.1
2026-07-29T12:33:39.0332732Z + crypto 3.0.7
2026-07-29T12:33:39.0333052Z + cupertino_icons 1.0.9
2026-07-29T12:33:39.0333360Z + fake_async 1.3.3
2026-07-29T12:33:39.0333630Z + ffi 2.2.0
2026-07-29T12:33:39.0333950Z + file 7.0.1
2026-07-29T12:33:39.0334245Z + flutter 0.0.0 from sdk flutter
2026-07-29T12:33:39.0334705Z + flutter_lints 3.0.2 (6.0.0 available)
2026-07-29T12:33:39.0335084Z + flutter_test 0.0.0 from sdk flutter
2026-07-29T12:33:39.0335451Z + flutter_web_plugins 0.0.0 from sdk flutter
2026-07-29T12:33:39.0335903Z + hooks 2.0.2 (2.1.0 available)
2026-07-29T12:33:39.0336213Z + http 1.6.0
2026-07-29T12:33:39.0336482Z + http_parser 4.1.2
2026-07-29T12:33:39.0336808Z + intl 0.19.0 (0.20.3 available)
2026-07-29T12:33:39.0337347Z + jni 1.0.2
2026-07-29T12:33:39.0337611Z + jni_flutter 1.0.2
2026-07-29T12:33:39.0337874Z + jni_util 1.0.0
2026-07-29T12:33:39.0338133Z + leak_tracker 11.0.2
2026-07-29T12:33:39.0338447Z + leak_tracker_flutter_testing 3.0.10
2026-07-29T12:33:39.0338783Z + leak_tracker_testing 3.0.2
2026-07-29T12:33:39.0339090Z + lints 3.0.0 (6.1.0 available)
2026-07-29T12:33:39.0339422Z + logging 1.3.0
2026-07-29T12:33:39.0339681Z + matcher 0.12.19 (0.12.20 available)
2026-07-29T12:33:39.0340001Z + material_color_utilities 0.13.0
2026-07-29T12:33:39.0340339Z + meta 1.18.0 (1.19.0 available)
2026-07-29T12:33:39.0340675Z + objective_c 9.5.0
2026-07-29T12:33:39.0340983Z + package_config 3.0.0
2026-07-29T12:33:39.0341266Z + path 1.9.1
2026-07-29T12:33:39.0341521Z + path_provider 2.1.6
2026-07-29T12:33:39.0341842Z + path_provider_android 2.3.1
2026-07-29T12:33:39.0342180Z + path_provider_foundation 2.6.0
2026-07-29T12:33:39.0342737Z + path_provider_linux 2.2.2
2026-07-29T12:33:39.0343097Z + path_provider_platform_interface 2.1.3
2026-07-29T12:33:39.0343476Z + path_provider_windows 2.3.0
2026-07-29T12:33:39.0343797Z + platform 3.1.6
2026-07-29T12:33:39.0344084Z + plugin_platform_interface 2.1.8
2026-07-29T12:33:39.0344502Z + pub_semver 2.2.0
2026-07-29T12:33:39.0344891Z + record_use 0.6.0 (1.0.0 available)
2026-07-29T12:33:39.0345231Z + shared_preferences 2.5.5
2026-07-29T12:33:39.0345555Z + shared_preferences_android 2.4.27
2026-07-29T12:33:39.0345911Z + shared_preferences_foundation 2.5.6
2026-07-29T12:33:39.0346279Z + shared_preferences_linux 2.4.1
2026-07-29T12:33:39.0346635Z + shared_preferences_platform_interface 2.4.2
2026-07-29T12:33:39.0347037Z + shared_preferences_web 2.4.3
2026-07-29T12:33:39.0347348Z + shared_preferences_windows 2.4.1
2026-07-29T12:33:39.0347716Z + sky_engine 0.0.0 from sdk flutter
2026-07-29T12:33:39.0348062Z + source_span 1.10.2
2026-07-29T12:33:39.0348348Z + stack_trace 1.12.1
2026-07-29T12:33:39.0348642Z + stream_channel 2.1.4
2026-07-29T12:33:39.0348930Z + string_scanner 1.4.1
2026-07-29T12:33:39.0349255Z + term_glyph 1.2.2
2026-07-29T12:33:39.0349561Z + test_api 0.7.11 (0.7.13 available)
2026-07-29T12:33:39.0349913Z + typed_data 1.4.0
2026-07-29T12:33:39.0350179Z + vector_math 2.2.0 (2.4.1 available)
2026-07-29T12:33:39.0350764Z + vm_service 15.2.0
2026-07-29T12:33:39.0351056Z + web 1.1.1
2026-07-29T12:33:39.0351331Z + xdg_directories 1.1.0
2026-07-29T12:33:39.0351604Z + yaml 3.1.3
2026-07-29T12:33:39.0351913Z Changed 64 dependencies!
2026-07-29T12:33:39.0352590Z 9 packages have newer versions incompatible with dependency constraints.
2026-07-29T12:33:39.0353144Z Try `flutter pub outdated` for more information.
2026-07-29T12:33:39.2392910Z ##[group]Run flutter build apk --release
2026-07-29T12:33:39.2393401Z [36;1mflutter build apk --release[0m
2026-07-29T12:33:39.2415972Z shell: /usr/bin/bash -e {0}
2026-07-29T12:33:39.2416214Z env:
2026-07-29T12:33:39.2416557Z   JAVA_HOME: /opt/hostedtoolcache/Java_Temurin-Hotspot_jdk/17.0.19-10/x64
2026-07-29T12:33:39.2416953Z   JAVA_HOME_17_X64: /opt/hostedtoolcache/Java_Temurin-Hotspot_jdk/17.0.19-10/x64
2026-07-29T12:33:39.2417358Z   FLUTTER_ROOT: /opt/hostedtoolcache/flutter/stable-3.44.8-x64/flutter
2026-07-29T12:33:39.2417695Z   PUB_CACHE: /home/runner/.pub-cache
2026-07-29T12:33:39.2417918Z ##[endgroup]
2026-07-29T12:33:39.5118220Z Upgrading build.gradle
2026-07-29T12:33:39.5139000Z Upgrading gradle.properties
2026-07-29T12:33:39.5302706Z [!] Your app isn't using AndroidX.
2026-07-29T12:33:39.5303741Z     To avoid potential build failures, you can quickly migrate your app by following the steps on https://docs.flutter.dev/release/breaking-changes/androidx-migration .
2026-07-29T12:34:39.4542016Z Running Gradle task 'assembleRelease'...                        
2026-07-29T12:34:39.4554278Z 
2026-07-29T12:34:39.4556406Z FAILURE: Build failed with an exception.
2026-07-29T12:34:39.4556788Z 
2026-07-29T12:34:39.4573120Z * Where:
2026-07-29T12:34:39.4573883Z Build file '/home/runner/work/gvs-365-lg-mobile-app/gvs-365-lg-mobile-app/android/app/build.gradle' line: 2
2026-07-29T12:34:39.8334518Z 
2026-07-29T12:34:39.8334939Z * What went wrong:
2026-07-29T12:34:39.8335551Z Plugin [id: 'com.android.application'] was not found in any of the following sources:
2026-07-29T12:34:39.8335918Z 
2026-07-29T12:34:39.8336111Z - Gradle Core Plugins (plugin is not in 'org.gradle' namespace)
2026-07-29T12:34:39.8336685Z - Included Builds (No included builds contain this plugin)
2026-07-29T12:34:39.8337201Z - Plugin Repositories (plugin dependency must include a version number for this source)
2026-07-29T12:34:39.8337597Z 
2026-07-29T12:34:39.8337703Z * Try:
2026-07-29T12:34:39.8338072Z > Run with --stacktrace option to get the stack trace.
2026-07-29T12:34:39.8338475Z > Run with --info or --debug option to get more log output.
2026-07-29T12:34:39.8338914Z > Run with --scan to generate a Build Scan (Powered by Develocity).
2026-07-29T12:34:39.8339388Z > Get more help at https://help.gradle.org.
2026-07-29T12:34:39.8339667Z 
2026-07-29T12:34:39.8339784Z BUILD FAILED in 58s
2026-07-29T12:34:39.8340330Z Running Gradle task 'assembleRelease'...                           60.3s
2026-07-29T12:34:39.8400864Z Gradle task assembleRelease failed with exit code 1
2026-07-29T12:34:39.8444322Z ##[error]Process completed with exit code 1.
2026-07-29T12:34:39.8594290Z Post job cleanup.
2026-07-29T12:34:39.8598359Z ##[start-action display=Cache pub dependencies;id=__378012ac-8295-482a-baf6-0c27ebade38d.cache-pub]
2026-07-29T12:34:39.8600483Z ##[end-action id=__378012ac-8295-482a-baf6-0c27ebade38d.cache-pub;outcome=skipped;conclusion=skipped;duration_ms=0]
2026-07-29T12:34:39.8602128Z ##[start-action display=Cache Flutter;id=__378012ac-8295-482a-baf6-0c27ebade38d.cache-flutter]
2026-07-29T12:34:39.8604212Z ##[end-action id=__378012ac-8295-482a-baf6-0c27ebade38d.cache-flutter;outcome=skipped;conclusion=skipped;duration_ms=0]
2026-07-29T12:34:39.8669262Z Node 20 is being deprecated. This workflow is running with Node 24 by default. If you need to temporarily use Node 20, you can set the ACTIONS_ALLOW_USE_UNSECURE_NODE_VERSION=true environment variable. For more information see: https://github.blog/changelog/2025-09-19-deprecation-of-node-20-on-github-actions-runners/
2026-07-29T12:34:39.8670111Z Post job cleanup.
2026-07-29T12:34:39.9598125Z (node:2687) [DEP0040] DeprecationWarning: The `punycode` module is deprecated. Please use a userland alternative instead.
2026-07-29T12:34:39.9598679Z (Use `node --trace-deprecation ...` to show where the warning was created)
2026-07-29T12:34:39.9759252Z Node 20 is being deprecated. This workflow is running with Node 24 by default. If you need to temporarily use Node 20, you can set the ACTIONS_ALLOW_USE_UNSECURE_NODE_VERSION=true environment variable. For more information see: https://github.blog/changelog/2025-09-19-deprecation-of-node-20-on-github-actions-runners/
2026-07-29T12:34:39.9760148Z Post job cleanup.
2026-07-29T12:34:40.0370197Z [command]/usr/bin/git version
2026-07-29T12:34:40.0397148Z git version 2.54.0
2026-07-29T12:34:40.0421361Z Temporarily overriding HOME='/home/runner/work/_temp/847dbbbf-be3c-4b68-860d-d1e9e77b5afd' before making global git config changes
2026-07-29T12:34:40.0425441Z Adding repository directory to the temporary git global config as a safe directory
2026-07-29T12:34:40.0426056Z [command]/usr/bin/git config --global --add safe.directory /home/runner/work/gvs-365-lg-mobile-app/gvs-365-lg-mobile-app
2026-07-29T12:34:40.0483557Z [command]/usr/bin/git config --local --name-only --get-regexp core\.sshCommand
2026-07-29T12:34:40.0513964Z [command]/usr/bin/git submodule foreach --recursive sh -c "git config --local --name-only --get-regexp 'core\.sshCommand' && git config --local --unset-all 'core.sshCommand' || :"
2026-07-29T12:34:40.0647568Z [command]/usr/bin/git config --local --name-only --get-regexp http\.https\:\/\/github\.com\/\.extraheader
2026-07-29T12:34:40.0667825Z http.https://github.com/.extraheader
2026-07-29T12:34:40.0678654Z [command]/usr/bin/git config --local --unset-all http.https://github.com/.extraheader
2026-07-29T12:34:40.0700987Z [command]/usr/bin/git submodule foreach --recursive sh -c "git config --local --name-only --get-regexp 'http\.https\:\/\/github\.com\/\.extraheader' && git config --local --unset-all 'http.https://github.com/.extraheader' || :"
2026-07-29T12:34:40.0874573Z [command]/usr/bin/git config --local --name-only --get-regexp ^includeIf\.gitdir:
2026-07-29T12:34:40.0896652Z [command]/usr/bin/git submodule foreach --recursive git config --local --show-origin --name-only --get-regexp remote.origin.url
2026-07-29T12:34:40.1148120Z Cleaning up orphan processes
2026-07-29T12:34:40.1369825Z Terminate orphan process: pid (2518) (java)
2026-07-29T12:34:40.1391100Z Terminate orphan process: pid (2634) (java)
2026-07-29T12:34:40.1427258Z ##[warning]Node.js 20 is deprecated. The following actions target Node.js 20 but are being forced to run on Node.js 24: actions/checkout@v4, actions/setup-java@v4. For more information see: https://github.blog/changelog/2025-09-19-deprecation-of-node-20-on-github-actions-runners/

