2026-07-29T12:31:27.9964412Z + code_assets 1.2.1
2026-07-29T12:31:27.9964812Z + collection 1.19.1
2026-07-29T12:31:27.9965107Z + crypto 3.0.7
2026-07-29T12:31:27.9965469Z + cupertino_icons 1.0.9
2026-07-29T12:31:27.9965921Z + fake_async 1.3.3
2026-07-29T12:31:27.9966232Z + ffi 2.2.0
2026-07-29T12:31:27.9966520Z + file 7.0.1
2026-07-29T12:31:27.9966844Z + flutter 0.0.0 from sdk flutter
2026-07-29T12:31:27.9967281Z + flutter_lints 3.0.2 (6.0.0 available)
2026-07-29T12:31:27.9967742Z + flutter_test 0.0.0 from sdk flutter
2026-07-29T12:31:27.9968410Z + flutter_web_plugins 0.0.0 from sdk flutter
2026-07-29T12:31:27.9969071Z + hooks 2.0.2 (2.1.0 available)
2026-07-29T12:31:27.9969494Z + http 1.6.0
2026-07-29T12:31:27.9969827Z + http_parser 4.1.2
2026-07-29T12:31:27.9970193Z + intl 0.19.0 (0.20.3 available)
2026-07-29T12:31:27.9970575Z + jni 1.0.2
2026-07-29T12:31:27.9970883Z + jni_flutter 1.0.2
2026-07-29T12:31:27.9971520Z + jni_util 1.0.0
2026-07-29T12:31:27.9971852Z + leak_tracker 11.0.2
2026-07-29T12:31:27.9972240Z + leak_tracker_flutter_testing 3.0.10
2026-07-29T12:31:27.9972699Z + leak_tracker_testing 3.0.2
2026-07-29T12:31:27.9973099Z + lints 3.0.0 (6.1.0 available)
2026-07-29T12:31:27.9973476Z + logging 1.3.0
2026-07-29T12:31:27.9973815Z + matcher 0.12.19 (0.12.20 available)
2026-07-29T12:31:27.9974246Z + material_color_utilities 0.13.0
2026-07-29T12:31:27.9974662Z + meta 1.18.0 (1.19.0 available)
2026-07-29T12:31:27.9975056Z + objective_c 9.5.0
2026-07-29T12:31:27.9975393Z + package_config 3.0.0
2026-07-29T12:31:27.9975742Z + path 1.9.1
2026-07-29T12:31:27.9976057Z + path_provider 2.1.6
2026-07-29T12:31:27.9976429Z + path_provider_android 2.3.1
2026-07-29T12:31:27.9976840Z + path_provider_foundation 2.6.0
2026-07-29T12:31:27.9977205Z + path_provider_linux 2.2.2
2026-07-29T12:31:27.9977564Z + path_provider_platform_interface 2.1.3
2026-07-29T12:31:27.9978019Z + path_provider_windows 2.3.0
2026-07-29T12:31:27.9978599Z + platform 3.1.6
2026-07-29T12:31:27.9978957Z + plugin_platform_interface 2.1.8
2026-07-29T12:31:27.9979347Z + pub_semver 2.2.0
2026-07-29T12:31:27.9979764Z + record_use 0.6.0 (1.0.0 available)
2026-07-29T12:31:27.9980185Z + shared_preferences 2.5.5
2026-07-29T12:31:27.9980560Z + shared_preferences_android 2.4.27
2026-07-29T12:31:27.9980985Z + shared_preferences_foundation 2.5.6
2026-07-29T12:31:27.9981385Z + shared_preferences_linux 2.4.1
2026-07-29T12:31:27.9981824Z + shared_preferences_platform_interface 2.4.2
2026-07-29T12:31:27.9982283Z + shared_preferences_web 2.4.3
2026-07-29T12:31:27.9982698Z + shared_preferences_windows 2.4.1
2026-07-29T12:31:27.9983123Z + sky_engine 0.0.0 from sdk flutter
2026-07-29T12:31:27.9983524Z + source_span 1.10.2
2026-07-29T12:31:27.9983862Z + stack_trace 1.12.1
2026-07-29T12:31:27.9984193Z + stream_channel 2.1.4
2026-07-29T12:31:27.9984543Z + string_scanner 1.4.1
2026-07-29T12:31:27.9984866Z + term_glyph 1.2.2
2026-07-29T12:31:27.9985190Z + test_api 0.7.11 (0.7.13 available)
2026-07-29T12:31:27.9985566Z + typed_data 1.4.0
2026-07-29T12:31:27.9985889Z + vector_math 2.2.0 (2.4.1 available)
2026-07-29T12:31:27.9986571Z + vm_service 15.2.0
2026-07-29T12:31:27.9986895Z + web 1.1.1
2026-07-29T12:31:27.9987197Z + xdg_directories 1.1.0
2026-07-29T12:31:27.9987539Z + yaml 3.1.3
2026-07-29T12:31:27.9987880Z Changed 64 dependencies!
2026-07-29T12:31:27.9988766Z 9 packages have newer versions incompatible with dependency constraints.
2026-07-29T12:31:27.9989485Z Try `flutter pub outdated` for more information.
2026-07-29T12:31:28.2343820Z ##[group]Run flutter build apk --release
2026-07-29T12:31:28.2344200Z [36;1mflutter build apk --release[0m
2026-07-29T12:31:28.2393591Z shell: /usr/bin/bash -e {0}
2026-07-29T12:31:28.2393862Z env:
2026-07-29T12:31:28.2394184Z   JAVA_HOME: /opt/hostedtoolcache/Java_Temurin-Hotspot_jdk/17.0.19-10/x64
2026-07-29T12:31:28.2394701Z   JAVA_HOME_17_X64: /opt/hostedtoolcache/Java_Temurin-Hotspot_jdk/17.0.19-10/x64
2026-07-29T12:31:28.2395187Z   FLUTTER_ROOT: /opt/hostedtoolcache/flutter/stable-3.44.8-x64/flutter
2026-07-29T12:31:28.2395589Z   PUB_CACHE: /home/runner/.pub-cache
2026-07-29T12:31:28.2395864Z ##[endgroup]
2026-07-29T12:31:28.6230252Z [!] Your app is using an unsupported Gradle project. To fix this problem, create a new project by running `flutter create -t app <app-directory>` and then move the dart code, assets and pubspec.yaml to the new project.
2026-07-29T12:31:28.6315080Z ##[error]Process completed with exit code 1.
2026-07-29T12:31:28.6549821Z Post job cleanup.
2026-07-29T12:31:28.6554326Z ##[start-action display=Cache pub dependencies;id=__560be5dc-820d-484a-866e-e35bef80f591.cache-pub]
2026-07-29T12:31:28.6556635Z ##[end-action id=__560be5dc-820d-484a-866e-e35bef80f591.cache-pub;outcome=skipped;conclusion=skipped;duration_ms=0]
2026-07-29T12:31:28.6558729Z ##[start-action display=Cache Flutter;id=__560be5dc-820d-484a-866e-e35bef80f591.cache-flutter]
2026-07-29T12:31:28.6560791Z ##[end-action id=__560be5dc-820d-484a-866e-e35bef80f591.cache-flutter;outcome=skipped;conclusion=skipped;duration_ms=0]
2026-07-29T12:31:28.6646168Z Node 20 is being deprecated. This workflow is running with Node 24 by default. If you need to temporarily use Node 20, you can set the ACTIONS_ALLOW_USE_UNSECURE_NODE_VERSION=true environment variable. For more information see: https://github.blog/changelog/2025-09-19-deprecation-of-node-20-on-github-actions-runners/
2026-07-29T12:31:28.6647324Z Post job cleanup.
2026-07-29T12:31:28.7974507Z (node:2671) [DEP0040] DeprecationWarning: The `punycode` module is deprecated. Please use a userland alternative instead.
2026-07-29T12:31:28.7975286Z (Use `node --trace-deprecation ...` to show where the warning was created)
2026-07-29T12:31:28.8236009Z Node 20 is being deprecated. This workflow is running with Node 24 by default. If you need to temporarily use Node 20, you can set the ACTIONS_ALLOW_USE_UNSECURE_NODE_VERSION=true environment variable. For more information see: https://github.blog/changelog/2025-09-19-deprecation-of-node-20-on-github-actions-runners/
2026-07-29T12:31:28.8238121Z Post job cleanup.
2026-07-29T12:31:28.9176373Z [command]/usr/bin/git version
2026-07-29T12:31:28.9221983Z git version 2.54.0
2026-07-29T12:31:28.9297466Z Temporarily overriding HOME='/home/runner/work/_temp/0a8d790a-0207-4f42-a9d4-77f08ef958b1' before making global git config changes
2026-07-29T12:31:28.9298969Z Adding repository directory to the temporary git global config as a safe directory
2026-07-29T12:31:28.9303182Z [command]/usr/bin/git config --global --add safe.directory /home/runner/work/gvs-365-lg-mobile-app/gvs-365-lg-mobile-app
2026-07-29T12:31:28.9364198Z [command]/usr/bin/git config --local --name-only --get-regexp core\.sshCommand
2026-07-29T12:31:28.9414592Z [command]/usr/bin/git submodule foreach --recursive sh -c "git config --local --name-only --get-regexp 'core\.sshCommand' && git config --local --unset-all 'core.sshCommand' || :"
2026-07-29T12:31:28.9773220Z [command]/usr/bin/git config --local --name-only --get-regexp http\.https\:\/\/github\.com\/\.extraheader
2026-07-29T12:31:28.9821225Z http.https://github.com/.extraheader
2026-07-29T12:31:28.9836349Z [command]/usr/bin/git config --local --unset-all http.https://github.com/.extraheader
2026-07-29T12:31:28.9885145Z [command]/usr/bin/git submodule foreach --recursive sh -c "git config --local --name-only --get-regexp 'http\.https\:\/\/github\.com\/\.extraheader' && git config --local --unset-all 'http.https://github.com/.extraheader' || :"
2026-07-29T12:31:29.0178192Z [command]/usr/bin/git config --local --name-only --get-regexp ^includeIf\.gitdir:
2026-07-29T12:31:29.0223303Z [command]/usr/bin/git submodule foreach --recursive git config --local --show-origin --name-only --get-regexp remote.origin.url
2026-07-29T12:31:29.0712945Z Cleaning up orphan processes
2026-07-29T12:31:29.1033218Z ##[warning]Node.js 20 is deprecated. The following actions target Node.js 20 but are being forced to run on Node.js 24: actions/checkout@v4, actions/setup-java@v4. For more information see: https://github.blog/changelog/2025-09-19-deprecation-of-node-20-on-github-actions-runners/

